C51 COMPILER V9.60.0.0   APP                                                               01/26/2021 12:15:29 PAGE 1   


C51 COMPILER V9.60.0.0, COMPILATION OF MODULE APP
OBJECT MODULE PLACED IN ..\output\app.obj
COMPILER INVOKED BY: D:\app\keil\C51\BIN\C51.EXE ..\files\app.c LARGE OPTIMIZE(8,SPEED) BROWSE DEBUG OBJECTEXTEND PRINT(
                    -.\Listings\app.lst) TABS(2) OBJECT(..\output\app.obj)

line level    source

   1          #include "config.h"
   2          #include "main.h"
   3          #include "app.h"
   4          #include "IIC.h"
   5          
   6          uchar gg;
   7          
   8          void key_0(uchar keyvalue) {
   9   1        /*输入密码*/
  10   1        if(staSystem ==KEYIN) {
  11   2          key_in_judge++;
  12   2          for(gg = 3; gg <= 7; gg++) {//执行5次
  13   3            key[gg - 1] = key[gg];
  14   3          }
  15   2          key[7] = keyvalue;
  16   2        }
  17   1        /*修改密码*/
  18   1        if(staSystem == SET_KEY) {
  19   2          if(addr == 116) addr = 110;
  20   2          else {
  21   3            write24c02(addr, keyvalue);
  22   3            addr++;
  23   3          }
  24   2          for(gg = 3; gg <= 7; gg++) {//执行5次
  25   3            key[gg - 1] = key[gg];
  26   3          }
  27   2          key[7] = read24c02(addr - 1);
  28   2        }
  29   1      }
  30          
  31          void key_1(uchar keyvalue) {
  32   1        /*输入密码*/
  33   1        if(staSystem ==KEYIN) {
  34   2          key_in_judge++;
  35   2          for(gg = 3; gg <= 7; gg++) {//执行5次
  36   3            key[gg - 1] = key[gg];
  37   3          }
  38   2          key[7] = keyvalue;
  39   2        }
  40   1        /*修改密码*/
  41   1        if(staSystem == SET_KEY) {
  42   2          if(addr == 116) addr = 110;
  43   2          else {
  44   3            write24c02(addr, keyvalue);
  45   3            addr++;
  46   3          }
  47   2          for(gg = 3; gg <= 7; gg++) {//执行5次
  48   3            key[gg - 1] = key[gg];
  49   3          }
  50   2          key[7] = read24c02(addr - 1);
  51   2        }
  52   1      }
  53          
  54          void key_2(uchar keyvalue) {
C51 COMPILER V9.60.0.0   APP                                                               01/26/2021 12:15:29 PAGE 2   

  55   1        /*输入密码*/
  56   1        if(staSystem ==KEYIN) {
  57   2          key_in_judge++;
  58   2          for(gg = 3; gg <= 7; gg++) {//执行5次
  59   3            key[gg - 1] = key[gg];
  60   3          }
  61   2          key[7] = keyvalue;
  62   2        }
  63   1        /*修改密码*/
  64   1        if(staSystem == SET_KEY) {
  65   2          if(addr == 116) addr = 110;
  66   2          else {
  67   3            write24c02(addr, keyvalue);
  68   3            addr++;
  69   3          }
  70   2          for(gg = 3; gg <= 7; gg++) {//执行5次
  71   3            key[gg - 1] = key[gg];
  72   3          }
  73   2          key[7] = read24c02(addr - 1);
  74   2        }
  75   1      }
  76          
  77          void key_3(uchar keyvalue) {
  78   1        /*输入密码*/
  79   1        if(staSystem ==KEYIN) {
  80   2          key_in_judge++;
  81   2          for(gg = 3; gg <= 7; gg++) {//执行5次
  82   3            key[gg - 1] = key[gg];
  83   3          }
  84   2          key[7] = keyvalue;
  85   2        }
  86   1        /*修改密码*/
  87   1        if(staSystem == SET_KEY) {
  88   2          if(addr == 116) addr = 110;
  89   2          else {
  90   3            write24c02(addr, keyvalue);
  91   3            addr++;
  92   3          }
  93   2          for(gg = 3; gg <= 7; gg++) {//执行5次
  94   3            key[gg - 1] = key[gg];
  95   3          }
  96   2          key[7] = read24c02(addr - 1);
  97   2        }
  98   1      }
  99          
 100          void key_4(uchar keyvalue) {
 101   1        /*输入密码*/
 102   1        if(staSystem ==KEYIN) {
 103   2          key_in_judge++;
 104   2          for(gg = 3; gg <= 7; gg++) {//执行5次
 105   3            key[gg - 1] = key[gg];
 106   3          }
 107   2          key[7] = keyvalue;
 108   2        }
 109   1        /*修改密码*/
 110   1        if(staSystem == SET_KEY) {
 111   2          if(addr == 116) addr = 110;
 112   2          else {
 113   3            write24c02(addr, keyvalue);
 114   3            addr++;
 115   3          }
 116   2          for(gg = 3; gg <= 7; gg++) {//执行5次
C51 COMPILER V9.60.0.0   APP                                                               01/26/2021 12:15:29 PAGE 3   

 117   3            key[gg - 1] = key[gg];
 118   3          }
 119   2          key[7] = read24c02(addr - 1);
 120   2        }
 121   1      }
 122          
 123          void key_5(uchar keyvalue) {
 124   1        /*输入密码*/
 125   1        if(staSystem ==KEYIN) {
 126   2          key_in_judge++;
 127   2          for(gg = 3; gg <= 7; gg++) {//执行5次
 128   3            key[gg - 1] = key[gg];
 129   3          }
 130   2          key[7] = keyvalue;
 131   2        }
 132   1        /*修改密码*/
 133   1        if(staSystem == SET_KEY) {
 134   2          if(addr == 116) addr = 110;
 135   2          else {
 136   3            write24c02(addr, keyvalue);
 137   3            addr++;
 138   3          }
 139   2          for(gg = 3; gg <= 7; gg++) {//执行5次
 140   3            key[gg - 1] = key[gg];
 141   3          }
 142   2          key[7] = read24c02(addr - 1);
 143   2        }
 144   1      }
 145          void key_6(uchar keyvalue) {
 146   1        /*输入密码*/
 147   1        if(staSystem ==KEYIN) {
 148   2          key_in_judge++;
 149   2          for(gg = 3; gg <= 7; gg++) {//执行5次
 150   3            key[gg - 1] = key[gg];
 151   3          }
 152   2          key[7] = keyvalue;
 153   2        }
 154   1        /*修改密码*/
 155   1        if(staSystem == SET_KEY) {
 156   2          if(addr == 116) addr = 110;
 157   2          else {
 158   3            write24c02(addr, keyvalue);
 159   3            addr++;
 160   3          }
 161   2          for(gg = 3; gg <= 7; gg++) {//执行5次
 162   3            key[gg - 1] = key[gg];
 163   3          }
 164   2          key[7] = read24c02(addr - 1);
 165   2        }
 166   1      }
 167          
 168          void key_7(uchar keyvalue) {
 169   1        /*输入密码*/
 170   1        if(staSystem ==KEYIN) {
 171   2          key_in_judge++;
 172   2          for(gg = 3; gg <= 7; gg++) {//执行5次
 173   3            key[gg - 1] = key[gg];
 174   3          }
 175   2          key[7] = keyvalue;
 176   2        }
 177   1        /*修改密码*/
 178   1        if(staSystem == SET_KEY) {
C51 COMPILER V9.60.0.0   APP                                                               01/26/2021 12:15:29 PAGE 4   

 179   2          if(addr == 116) addr = 110;
 180   2          else {
 181   3            write24c02(addr, keyvalue);
 182   3            addr++;
 183   3          }
 184   2          for(gg = 3; gg <= 7; gg++) {//执行5次
 185   3            key[gg - 1] = key[gg];
 186   3          }
 187   2          key[7] = read24c02(addr - 1);
 188   2        }
 189   1      }
 190          
 191          void key_8(uchar keyvalue) {
 192   1        /*输入密码*/
 193   1        if(staSystem ==KEYIN) {
 194   2          key_in_judge++;
 195   2          for(gg = 3; gg <= 7; gg++) {//执行5次
 196   3            key[gg - 1] = key[gg];
 197   3          }
 198   2          key[7] = keyvalue;
 199   2        }
 200   1        /*修改密码*/
 201   1        if(staSystem == SET_KEY) {
 202   2          if(addr == 116) addr = 110;
 203   2          else {
 204   3            write24c02(addr, keyvalue);
 205   3            addr++;
 206   3          }
 207   2          for(gg = 3; gg <= 7; gg++) {//执行5次
 208   3            key[gg - 1] = key[gg];
 209   3          }
 210   2          key[7] = read24c02(addr - 1);
 211   2        }
 212   1      }
 213          
 214          void key_9(uchar keyvalue) {
 215   1        /*输入密码*/
 216   1        if(staSystem ==KEYIN) {
 217   2          key_in_judge++;
 218   2          for(gg = 3; gg <= 7; gg++) {//执行5次
 219   3            key[gg - 1] = key[gg];
 220   3          }
 221   2          key[7] = keyvalue;
 222   2        }
 223   1        /*修改密码*/
 224   1        if(staSystem == SET_KEY) {
 225   2          if(addr == 116) addr = 110;
 226   2          else {
 227   3            write24c02(addr, keyvalue);
 228   3            addr++;
 229   3          }
 230   2          for(gg = 3; gg <= 7; gg++) {//执行5次
 231   3            key[gg - 1] = key[gg];
 232   3          }
 233   2          key[7] = read24c02(addr - 1);
 234   2        }
 235   1      }
 236          
 237          
 238          
 239          
 240          
C51 COMPILER V9.60.0.0   APP                                                               01/26/2021 12:15:29 PAGE 5   

 241          /*功能键*/
 242          
 243          void key_10() {
 244   1        
 245   1      }
 246          void key_11() {
 247   1        
 248   1      }
 249          
 250          void key_12() {
 251   1        
 252   1      }
 253          
 254          void key_13() {//清除
 255   1        if(staSystem == KEYIN) {
 256   2          uchar i;
 257   2          key_in_judge--;
 258   2          for(i = 6; i >= 2; i--) {
 259   3            key[i + 1] = key[i];
 260   3          }
 261   2          key[2] = 14;
 262   2        }
 263   1      }
 264          
 265          void key_14() {//修改
 266   1        if(staSystem == SET_KEY) {
 267   2          staSystem = OPEN;
 268   2        }
 269   1        else if(staSystem == OPEN) {
 270   2          staSystem = SET_KEY;
 271   2        }
 272   1        
 273   1      }
 274          
 275          void key_15() {//输入
 276   1        if(staSystem == NOMAL) {
 277   2          staSystem = KEYIN;
 278   2        }
 279   1      }
 280          
 281          
 282          
 283          void KeyAction(uchar keyvalue) {
 284   1        switch (keyvalue)
 285   1        {
 286   2          case 0: key_0(keyvalue); keyjudge = 1; break;
 287   2          case 1: key_1(keyvalue); keyjudge = 1; break; 
 288   2          case 2: key_2(keyvalue); keyjudge = 1; break; 
 289   2          case 3: key_3(keyvalue); keyjudge = 1; break;
 290   2          case 4: key_4(keyvalue); keyjudge = 1; break;
 291   2          case 5: key_5(keyvalue); keyjudge = 1; break;
 292   2          case 6: key_6(keyvalue); keyjudge = 1; break;
 293   2          case 7: key_7(keyvalue); keyjudge = 1; break;
 294   2          case 8: key_8(keyvalue); keyjudge = 1; break;
 295   2          case 9: key_9(keyvalue); keyjudge = 1; break;
 296   2          case 10: key_10(); keyjudge = 1; break;
 297   2          case 11: key_11(); keyjudge = 1; break;
 298   2          case 12: key_12(); keyjudge = 1; break;
 299   2          case 13: key_13(); keyjudge = 1; break;
 300   2          case 14: key_14(); keyjudge = 1; break;
 301   2          case 15: key_15(); keyjudge = 1; break;   
 302   2          default: break;
C51 COMPILER V9.60.0.0   APP                                                               01/26/2021 12:15:29 PAGE 6   

 303   2        }
 304   1      }


MODULE INFORMATION:   STATIC OVERLAYABLE
   CODE SIZE        =   2057    ----
   CONSTANT SIZE    =   ----    ----
   XDATA SIZE       =      1       2
   PDATA SIZE       =   ----    ----
   DATA SIZE        =   ----    ----
   IDATA SIZE       =   ----    ----
   BIT SIZE         =   ----    ----
END OF MODULE INFORMATION.


C51 COMPILATION COMPLETE.  0 WARNING(S),  0 ERROR(S)
