C51 COMPILER V9.60.0.0   MAIN                                                              01/26/2021 12:15:29 PAGE 1   


C51 COMPILER V9.60.0.0, COMPILATION OF MODULE MAIN
OBJECT MODULE PLACED IN ..\output\main.obj
COMPILER INVOKED BY: D:\app\keil\C51\BIN\C51.EXE ..\files\main.c LARGE OPTIMIZE(8,SPEED) BROWSE DEBUG OBJECTEXTEND PRINT
                    -(.\Listings\main.lst) TABS(2) OBJECT(..\output\main.obj)

line level    source

   1          /*
   2          
   3          0     1     2     3
   4          4     5     6     7
   5          8     9    无     无
   6          无   清除  修改  输入
   7          
   8          */
   9          
  10          #define _MAIN_C
  11          #include "config.h"
  12          #include "key.h"
  13          #include "smg.h"
  14          #include "IIC.h"
  15          #include "main.h"
  16          #include "led.h"
  17          #include "app.h"
  18          
  19          
  20          
  21          uchar key[8] = {14, 14, 14, 14, 14, 14, 14, 14};//显示
  22          //            最左面                最右面
  23          
  24          uchar oldkey[6] = {8, 8, 8, 8, 8, 8};//存储修改的密码以及原始密码要在程序起始将eeprom中的数值赋值到这
  25          
  26          
  27          uchar backup[4][4] = { //初始化按键值备份
  28                {1, 1, 1, 1}, {1, 1, 1, 1}, {1, 1, 1, 1}, {1, 1, 1, 1}};
  29          
  30          enum estaSystem staSystem = NOMAL;    //设置初始状态staSystem为NOMAL  
  31          uchar addr = 110;//先存最高位
  32          bit keyjudge = 0;//判断按键有没有按下
  33          uchar key_in_judge = 0;
  34          
  35          
  36          void delay(void)   //误差 -0.000000000023us
  37          {
  38   1          unsigned char a,b;
  39   1          for(b=221;b>0;b--)
  40   1              for(a=207;a>0;a--);
  41   1      }
  42          
  43          
  44          
  45                
  46          void main()
  47          {
  48   1        bit set_key_one = 1;
  49   1        
  50   1        
  51   1        /*
  52   1        write24c02(110, 8);
  53   1        write24c02(111, 8);
  54   1        write24c02(112, 8);
C51 COMPILER V9.60.0.0   MAIN                                                              01/26/2021 12:15:29 PAGE 2   

  55   1        write24c02(113, 8);
  56   1        write24c02(114, 8);
  57   1        write24c02(115, 8);
  58   1        */
  59   1        
  60   1        delay();//上电延迟，防止数码管显示乱码
  61   1        timer0Init();//1ms
  62   1        timer1Init();//5ms
*** WARNING C206 IN LINE 62 OF ..\files\main.c: 'timer1Init': missing function-prototype
  63   1        while(1){
  64   2          
  65   2          oldkey[0] = read24c02(110);
  66   2          oldkey[1] = read24c02(111);
  67   2          oldkey[2] = read24c02(112);
  68   2          oldkey[3] = read24c02(113);
  69   2          oldkey[4] = read24c02(114);
  70   2          oldkey[5] = read24c02(115);
  71   2          
  72   2          
  73   2          keydriver();//循环检测 4*4 的矩阵按键
  74   2          
  75   2          if(staSystem != KEYIN) L7 = 1;
  76   2          if(staSystem != SET_KEY) L8 = 1;
  77   2          
  78   2          if(staSystem == NOMAL) {
  79   3            key[0] = 14; key[1] = 14; key[2] = 14; key[3] = 14; key[4] = 14; key[5] = 14; key[6] = 14; key[7] = 14;
  80   3          }
  81   2          
  82   2          if(staSystem == OPEN) {//当系统状态为打开时
  83   3            key[0] = 10; key[1] = 14; key[2] = 14; key[3] = 14; key[4] = 10; key[5] = 11; key[6] = 12; key[7] = 13;
  84   3            set_key_one = 1;
  85   3          }
  86   2          
  87   2          if(staSystem == KEYIN) {//输入状态判断密码是否正确  注意潜在bug(切换模式时key数组的值)
  88   3            uchar judge = 0x00;
  89   3            uchar i;
  90   3            key[0] = 15;
  91   3            L7 = 0;
  92   3            //key_in_judge = 0;//初始化按键次数判断位
  93   3            for(i = 0; i < 6; i++) {
  94   4              judge <<= 1;
  95   4              if(key[i + 2] == oldkey[i]) judge |= 0x01;
  96   4              else judge |= 0x00;
  97   4            }
  98   3            if(judge == 0x3f)  {
  99   4              staSystem = OPEN;//密码正确设置系统状态为OPEN
 100   4              key_in_judge = 0;
 101   4            }
 102   3            else if(judge != 0x3f && key_in_judge == 6) {
 103   4              staSystem = NOMAL;
 104   4              key[0] = 14; key[1] = 14; key[2] = 14; key[3] = 14; key[4] = 14; key[5] = 14; key[6] = 14; key[7] = 14
             -;
 105   4              key_in_judge = 0;
 106   4              key_error();
 107   4            }
 108   3          }//if(staSystem == KEYIN)
 109   2          
 110   2          if(staSystem == SET_KEY) {
 111   3            L8 = 0;
 112   3            if(set_key_one) {//保证出现一次，不影响后面的密码输入
 113   4              key[0] = 16; key[1] = 14; key[2] = 14; key[3] = 14; key[4] = 14; key[5] = 14; key[6] = 14; key[7] = 14
             -;
C51 COMPILER V9.60.0.0   MAIN                                                              01/26/2021 12:15:29 PAGE 3   

 114   4              set_key_one = 0;
 115   4              
 116   4            }
 117   3          }//if(staSystem == SET_KEY)
 118   2        } 
 119   1      }
 120          
 121          /*定时器中断0服务函数，处理数码管扫描，以及按键扫描*/
 122          void timer0() interrupt 1
 123          {
 124   1        static uchar flags;
 125   1        TH0 = 0xfc; //重新加载初值1ms
 126   1        TL0 = 0x66;
 127   1        /*数码管*/  
 128   1        flags++;
 129   1        if(flags == 2) {
 130   2          flags = 0;
 131   2          display(key[0], key[1], key[2], key[3], key[4], key[5], key[6], key[7]);
 132   2        }
 133   1        keyscan();
 134   1      }
 135          
 136          void timer1() interrupt 3
 137          {
 138   1        static uchar flag;
 139   1        TH1 = 0xee;
 140   1        TL1 = 0x00; //设置5ms
 141   1        flag++;
 142   1        if(flag == 250) {//不知道为什么超不过300,巨大bug
 143   2          flag = 0;
 144   2          if(staSystem == OPEN) {
 145   3            if(keyjudge == 0) {
 146   4              staSystem = NOMAL;
 147   4            }
 148   3          }
 149   2          keyjudge = 0;
 150   2        }
 151   1      }


MODULE INFORMATION:   STATIC OVERLAYABLE
   CODE SIZE        =    566    ----
   CONSTANT SIZE    =   ----    ----
   XDATA SIZE       =     35       2
   PDATA SIZE       =   ----    ----
   DATA SIZE        =   ----    ----
   IDATA SIZE       =   ----    ----
   BIT SIZE         =      1       1
END OF MODULE INFORMATION.


C51 COMPILATION COMPLETE.  1 WARNING(S),  0 ERROR(S)
